<html>
<body>
<pre>
<h1>礦ision Build Log</h1>
<h2>Tool Versions:</h2>
IDE-Version: μVision V5.17.0.0
Copyright (C) 2015 ARM Ltd and ARM Germany GmbH. All rights reserved.
License Information: tan yikai, k, LIC=CRMNN-Y69W7-EZJWX-H8FE3-M03QG-T1N7E
 
Tool Versions:
Toolchain:       MDK-ARM Professional  Version: 5.17
Toolchain Path:  E:\Profession\Application\Keil5\setup\ARM\ARMCC\Bin
C Compiler:      Armcc.exe V5.06 update 1 (build 61)
Assembler:       Armasm.exe V5.06 update 1 (build 61)
Linker/Locator:  ArmLink.exe V5.06 update 1 (build 61)
Library Manager: ArmAr.exe V5.06 update 1 (build 61)
Hex Converter:   FromElf.exe V5.06 update 1 (build 61)
CPU DLL:         SARMCM3.DLL V5.17
Dialog DLL:      DCM.DLL V1.13.4.0
Target DLL:      Segger\JL2CM3.dll V2.99.16.0
Dialog DLL:      TCM.DLL V1.14.6.0
 
<h2>Project:</h2>
E:\Profession\Application\Keil5\workspace\交通灯\project\交通灯.uvprojx
Project File Date:  03/02/2016

<h2>Output:</h2>
*** Using Compiler 'V5.06 update 1 (build 61)', folder: 'E:\Profession\Application\Keil5\setup\ARM\ARMCC\Bin'
Rebuild target '交通灯'
assembling startup_stm32f10x_hd.s...
compiling core_cm3.c...
compiling stm32f10x_it.c...
compiling sys.c...
compiling delay.c...
compiling system_stm32f10x.c...
compiling main.c...
compiling usart.c...
compiling misc.c...
compiling stm32f10x_gpio.c...
compiling stm32f10x_spi.c...
compiling stm32f10x_usart.c...
compiling stm32f10x_rcc.c...
compiling led.c...
compiling stm32f10x_exti.c...
compiling stm32f10x_tim.c...
compiling key.c...
compiling lcd5110.c...
compiling digitalled.c...
compiling spi.c...
compiling bigled.c...
compiling ui.c...
compiling timer.c...
compiling exti.c...
linking...
Program Size: Code=12688 RO-data=1320 RW-data=76 ZI-data=1836  
FromELF: creating hex file...
"..\obj\交通灯.axf" - 0 Error(s), 0 Warning(s).

<h2>Collection of Component include folders:</h2>
  E:\Profession\Application\Keil5\workspace\交通灯\project\RTE
  E:\Profession\Application\Keil5\setup\ARM\PACK\Keil\STM32F1xx_DFP\2.0.0\Device\Include

<h2>Collection of Component Files used:</h2>
Build Time Elapsed:  00:00:04
</pre>
</body>
</html>
